Archive member included because of file (symbol)

d:/program files/atmel/atmel toolchain/avr8 gcc/native/3.4.1056/avr8-gnu-toolchain/bin/../lib/gcc/avr/4.8.1/avr4\libgcc.a(_udivmodhi4.o)
                              hal_driver/hal_led_driver.o (__udivmodhi4)
d:/program files/atmel/atmel toolchain/avr8 gcc/native/3.4.1056/avr8-gnu-toolchain/bin/../lib/gcc/avr/4.8.1/avr4\libgcc.a(_exit.o)
                              d:/program files/atmel/atmel toolchain/avr8 gcc/native/3.4.1056/avr8-gnu-toolchain/bin/../lib/gcc/avr/4.8.1/../../../../avr/lib/avr4/crtm8.o (exit)
d:/program files/atmel/atmel toolchain/avr8 gcc/native/3.4.1056/avr8-gnu-toolchain/bin/../lib/gcc/avr/4.8.1/avr4\libgcc.a(_copy_data.o)
                              hal_driver/hal_key_driver.o (__do_copy_data)
d:/program files/atmel/atmel toolchain/avr8 gcc/native/3.4.1056/avr8-gnu-toolchain/bin/../lib/gcc/avr/4.8.1/avr4\libgcc.a(_clear_bss.o)
                              hal_driver/hal_key_driver.o (__do_clear_bss)

Allocating common symbols
Common symbol       size              file

task_event          0x2               user/user_app.o
key_control         0xc               hal_driver/hal_key_driver.o
led_control         0x34              hal_driver/hal_led_driver.o

Discarded input sections

 .bss           0x00000000        0x0 d:/program files/atmel/atmel toolchain/avr8 gcc/native/3.4.1056/avr8-gnu-toolchain/bin/../lib/gcc/avr/4.8.1/../../../../avr/lib/avr4/crtm8.o
 .text          0x00000000        0x0 hal_driver/hal_key_driver.o
 .bss           0x00000000        0x0 hal_driver/hal_key_driver.o
 .text          0x00000000        0x0 hal_driver/hal_led_driver.o
 .bss           0x00000000        0x0 hal_driver/hal_led_driver.o
 .text          0x00000000        0x0 user/user_app.o
 .bss           0x00000000        0x0 user/user_app.o
 .text          0x00000000        0x0 uxos/main.o
 .bss           0x00000000        0x0 uxos/main.o
 .text          0x00000000        0x0 uxos/uxos.o
 .bss           0x00000000        0x0 uxos/uxos.o
 .text          0x00000000        0x0 uxos/uxos_mem.o
 .bss           0x00000000        0x0 uxos/uxos_mem.o
 .text          0x00000000        0x0 uxos/uxos_msg.o
 .bss           0x00000000        0x0 uxos/uxos_msg.o
 .text          0x00000000        0x0 uxos/uxos_timer.o
 .bss           0x00000000        0x0 uxos/uxos_timer.o
 .text.uxos_get_timeout
                0x00000000       0x18 uxos/uxos_timer.o
 .text          0x00000000        0x0 d:/program files/atmel/atmel toolchain/avr8 gcc/native/3.4.1056/avr8-gnu-toolchain/bin/../lib/gcc/avr/4.8.1/avr4\libgcc.a(_udivmodhi4.o)
 .bss           0x00000000        0x0 d:/program files/atmel/atmel toolchain/avr8 gcc/native/3.4.1056/avr8-gnu-toolchain/bin/../lib/gcc/avr/4.8.1/avr4\libgcc.a(_udivmodhi4.o)
 .text.libgcc.mul
                0x00000000        0x0 d:/program files/atmel/atmel toolchain/avr8 gcc/native/3.4.1056/avr8-gnu-toolchain/bin/../lib/gcc/avr/4.8.1/avr4\libgcc.a(_udivmodhi4.o)
 .text.libgcc   0x00000000        0x0 d:/program files/atmel/atmel toolchain/avr8 gcc/native/3.4.1056/avr8-gnu-toolchain/bin/../lib/gcc/avr/4.8.1/avr4\libgcc.a(_udivmodhi4.o)
 .text.libgcc.prologue
                0x00000000        0x0 d:/program files/atmel/atmel toolchain/avr8 gcc/native/3.4.1056/avr8-gnu-toolchain/bin/../lib/gcc/avr/4.8.1/avr4\libgcc.a(_udivmodhi4.o)
 .text.libgcc.builtins
                0x00000000        0x0 d:/program files/atmel/atmel toolchain/avr8 gcc/native/3.4.1056/avr8-gnu-toolchain/bin/../lib/gcc/avr/4.8.1/avr4\libgcc.a(_udivmodhi4.o)
 .text.libgcc.fmul
                0x00000000        0x0 d:/program files/atmel/atmel toolchain/avr8 gcc/native/3.4.1056/avr8-gnu-toolchain/bin/../lib/gcc/avr/4.8.1/avr4\libgcc.a(_udivmodhi4.o)
 .text.libgcc.fixed
                0x00000000        0x0 d:/program files/atmel/atmel toolchain/avr8 gcc/native/3.4.1056/avr8-gnu-toolchain/bin/../lib/gcc/avr/4.8.1/avr4\libgcc.a(_udivmodhi4.o)
 .text          0x00000000        0x0 d:/program files/atmel/atmel toolchain/avr8 gcc/native/3.4.1056/avr8-gnu-toolchain/bin/../lib/gcc/avr/4.8.1/avr4\libgcc.a(_exit.o)
 .bss           0x00000000        0x0 d:/program files/atmel/atmel toolchain/avr8 gcc/native/3.4.1056/avr8-gnu-toolchain/bin/../lib/gcc/avr/4.8.1/avr4\libgcc.a(_exit.o)
 .text.libgcc.mul
                0x00000000        0x0 d:/program files/atmel/atmel toolchain/avr8 gcc/native/3.4.1056/avr8-gnu-toolchain/bin/../lib/gcc/avr/4.8.1/avr4\libgcc.a(_exit.o)
 .text.libgcc.div
                0x00000000        0x0 d:/program files/atmel/atmel toolchain/avr8 gcc/native/3.4.1056/avr8-gnu-toolchain/bin/../lib/gcc/avr/4.8.1/avr4\libgcc.a(_exit.o)
 .text.libgcc   0x00000000        0x0 d:/program files/atmel/atmel toolchain/avr8 gcc/native/3.4.1056/avr8-gnu-toolchain/bin/../lib/gcc/avr/4.8.1/avr4\libgcc.a(_exit.o)
 .text.libgcc.prologue
                0x00000000        0x0 d:/program files/atmel/atmel toolchain/avr8 gcc/native/3.4.1056/avr8-gnu-toolchain/bin/../lib/gcc/avr/4.8.1/avr4\libgcc.a(_exit.o)
 .text.libgcc.builtins
                0x00000000        0x0 d:/program files/atmel/atmel toolchain/avr8 gcc/native/3.4.1056/avr8-gnu-toolchain/bin/../lib/gcc/avr/4.8.1/avr4\libgcc.a(_exit.o)
 .text.libgcc.fmul
                0x00000000        0x0 d:/program files/atmel/atmel toolchain/avr8 gcc/native/3.4.1056/avr8-gnu-toolchain/bin/../lib/gcc/avr/4.8.1/avr4\libgcc.a(_exit.o)
 .text.libgcc.fixed
                0x00000000        0x0 d:/program files/atmel/atmel toolchain/avr8 gcc/native/3.4.1056/avr8-gnu-toolchain/bin/../lib/gcc/avr/4.8.1/avr4\libgcc.a(_exit.o)
 .text          0x00000000        0x0 d:/program files/atmel/atmel toolchain/avr8 gcc/native/3.4.1056/avr8-gnu-toolchain/bin/../lib/gcc/avr/4.8.1/avr4\libgcc.a(_copy_data.o)
 .bss           0x00000000        0x0 d:/program files/atmel/atmel toolchain/avr8 gcc/native/3.4.1056/avr8-gnu-toolchain/bin/../lib/gcc/avr/4.8.1/avr4\libgcc.a(_copy_data.o)
 .text.libgcc.mul
                0x00000000        0x0 d:/program files/atmel/atmel toolchain/avr8 gcc/native/3.4.1056/avr8-gnu-toolchain/bin/../lib/gcc/avr/4.8.1/avr4\libgcc.a(_copy_data.o)
 .text.libgcc.div
                0x00000000        0x0 d:/program files/atmel/atmel toolchain/avr8 gcc/native/3.4.1056/avr8-gnu-toolchain/bin/../lib/gcc/avr/4.8.1/avr4\libgcc.a(_copy_data.o)
 .text.libgcc   0x00000000        0x0 d:/program files/atmel/atmel toolchain/avr8 gcc/native/3.4.1056/avr8-gnu-toolchain/bin/../lib/gcc/avr/4.8.1/avr4\libgcc.a(_copy_data.o)
 .text.libgcc.prologue
                0x00000000        0x0 d:/program files/atmel/atmel toolchain/avr8 gcc/native/3.4.1056/avr8-gnu-toolchain/bin/../lib/gcc/avr/4.8.1/avr4\libgcc.a(_copy_data.o)
 .text.libgcc.builtins
                0x00000000        0x0 d:/program files/atmel/atmel toolchain/avr8 gcc/native/3.4.1056/avr8-gnu-toolchain/bin/../lib/gcc/avr/4.8.1/avr4\libgcc.a(_copy_data.o)
 .text.libgcc.fmul
                0x00000000        0x0 d:/program files/atmel/atmel toolchain/avr8 gcc/native/3.4.1056/avr8-gnu-toolchain/bin/../lib/gcc/avr/4.8.1/avr4\libgcc.a(_copy_data.o)
 .text.libgcc.fixed
                0x00000000        0x0 d:/program files/atmel/atmel toolchain/avr8 gcc/native/3.4.1056/avr8-gnu-toolchain/bin/../lib/gcc/avr/4.8.1/avr4\libgcc.a(_copy_data.o)
 .text          0x00000000        0x0 d:/program files/atmel/atmel toolchain/avr8 gcc/native/3.4.1056/avr8-gnu-toolchain/bin/../lib/gcc/avr/4.8.1/avr4\libgcc.a(_clear_bss.o)
 .bss           0x00000000        0x0 d:/program files/atmel/atmel toolchain/avr8 gcc/native/3.4.1056/avr8-gnu-toolchain/bin/../lib/gcc/avr/4.8.1/avr4\libgcc.a(_clear_bss.o)
 .text.libgcc.mul
                0x00000000        0x0 d:/program files/atmel/atmel toolchain/avr8 gcc/native/3.4.1056/avr8-gnu-toolchain/bin/../lib/gcc/avr/4.8.1/avr4\libgcc.a(_clear_bss.o)
 .text.libgcc.div
                0x00000000        0x0 d:/program files/atmel/atmel toolchain/avr8 gcc/native/3.4.1056/avr8-gnu-toolchain/bin/../lib/gcc/avr/4.8.1/avr4\libgcc.a(_clear_bss.o)
 .text.libgcc   0x00000000        0x0 d:/program files/atmel/atmel toolchain/avr8 gcc/native/3.4.1056/avr8-gnu-toolchain/bin/../lib/gcc/avr/4.8.1/avr4\libgcc.a(_clear_bss.o)
 .text.libgcc.prologue
                0x00000000        0x0 d:/program files/atmel/atmel toolchain/avr8 gcc/native/3.4.1056/avr8-gnu-toolchain/bin/../lib/gcc/avr/4.8.1/avr4\libgcc.a(_clear_bss.o)
 .text.libgcc.builtins
                0x00000000        0x0 d:/program files/atmel/atmel toolchain/avr8 gcc/native/3.4.1056/avr8-gnu-toolchain/bin/../lib/gcc/avr/4.8.1/avr4\libgcc.a(_clear_bss.o)
 .text.libgcc.fmul
                0x00000000        0x0 d:/program files/atmel/atmel toolchain/avr8 gcc/native/3.4.1056/avr8-gnu-toolchain/bin/../lib/gcc/avr/4.8.1/avr4\libgcc.a(_clear_bss.o)
 .text.libgcc.fixed
                0x00000000        0x0 d:/program files/atmel/atmel toolchain/avr8 gcc/native/3.4.1056/avr8-gnu-toolchain/bin/../lib/gcc/avr/4.8.1/avr4\libgcc.a(_clear_bss.o)

Memory Configuration

Name             Origin             Length             Attributes
text             0x00000000         0x00002000         xr
data             0x00800060         0x0000ffa0         rw !x
eeprom           0x00810000         0x00010000         rw !x
fuse             0x00820000         0x00000400         rw !x
lock             0x00830000         0x00000400         rw !x
signature        0x00840000         0x00000400         rw !x
user_signatures  0x00850000         0x00000400         rw !x
*default*        0x00000000         0xffffffff

Linker script and memory map

LOAD d:/program files/atmel/atmel toolchain/avr8 gcc/native/3.4.1056/avr8-gnu-toolchain/bin/../lib/gcc/avr/4.8.1/../../../../avr/lib/avr4/crtm8.o
LOAD hal_driver/hal_key_driver.o
LOAD hal_driver/hal_led_driver.o
LOAD user/user_app.o
LOAD uxos/main.o
LOAD uxos/uxos.o
LOAD uxos/uxos_mem.o
LOAD uxos/uxos_msg.o
LOAD uxos/uxos_timer.o
START GROUP
LOAD d:/program files/atmel/atmel toolchain/avr8 gcc/native/3.4.1056/avr8-gnu-toolchain/bin/../lib/gcc/avr/4.8.1/../../../../avr/lib/avr4\libm.a
END GROUP
START GROUP
LOAD d:/program files/atmel/atmel toolchain/avr8 gcc/native/3.4.1056/avr8-gnu-toolchain/bin/../lib/gcc/avr/4.8.1/avr4\libgcc.a
LOAD d:/program files/atmel/atmel toolchain/avr8 gcc/native/3.4.1056/avr8-gnu-toolchain/bin/../lib/gcc/avr/4.8.1/../../../../avr/lib/avr4\libm.a
LOAD d:/program files/atmel/atmel toolchain/avr8 gcc/native/3.4.1056/avr8-gnu-toolchain/bin/../lib/gcc/avr/4.8.1/../../../../avr/lib/avr4\libc.a
END GROUP

.hash
 *(.hash)

.dynsym
 *(.dynsym)

.dynstr
 *(.dynstr)

.gnu.version
 *(.gnu.version)

.gnu.version_d
 *(.gnu.version_d)

.gnu.version_r
 *(.gnu.version_r)

.rel.init
 *(.rel.init)

.rela.init
 *(.rela.init)

.rel.text
 *(.rel.text)
 *(.rel.text.*)
 *(.rel.gnu.linkonce.t*)

.rela.text
 *(.rela.text)
 *(.rela.text.*)
 *(.rela.gnu.linkonce.t*)

.rel.fini
 *(.rel.fini)

.rela.fini
 *(.rela.fini)

.rel.rodata
 *(.rel.rodata)
 *(.rel.rodata.*)
 *(.rel.gnu.linkonce.r*)

.rela.rodata
 *(.rela.rodata)
 *(.rela.rodata.*)
 *(.rela.gnu.linkonce.r*)

.rel.data
 *(.rel.data)
 *(.rel.data.*)
 *(.rel.gnu.linkonce.d*)

.rela.data
 *(.rela.data)
 *(.rela.data.*)
 *(.rela.gnu.linkonce.d*)

.rel.ctors
 *(.rel.ctors)

.rela.ctors
 *(.rela.ctors)

.rel.dtors
 *(.rel.dtors)

.rela.dtors
 *(.rela.dtors)

.rel.got
 *(.rel.got)

.rela.got
 *(.rela.got)

.rel.bss
 *(.rel.bss)

.rela.bss
 *(.rela.bss)

.rel.plt
 *(.rel.plt)

.rela.plt
 *(.rela.plt)

.text           0x00000000      0x9ba
 *(.vectors)
 .vectors       0x00000000       0x26 d:/program files/atmel/atmel toolchain/avr8 gcc/native/3.4.1056/avr8-gnu-toolchain/bin/../lib/gcc/avr/4.8.1/../../../../avr/lib/avr4/crtm8.o
                0x00000000                __vector_default
                0x00000000                __vectors
 *(.vectors)
 *(.progmem.gcc*)
                0x00000026                . = ALIGN (0x2)
                0x00000026                __trampolines_start = .
 *(.trampolines)
 .trampolines   0x00000026        0x0 linker stubs
 *(.trampolines*)
                0x00000026                __trampolines_end = .
 *(.progmem*)
                0x00000026                . = ALIGN (0x2)
 *(.jumptables)
 *(.jumptables*)
 *(.lowtext)
 *(.lowtext*)
                0x00000026                __ctors_start = .
 *(.ctors)
                0x00000026                __ctors_end = .
                0x00000026                __dtors_start = .
 *(.dtors)
                0x00000026                __dtors_end = .
 SORT(*)(.ctors)
 SORT(*)(.dtors)
 *(.init0)
 .init0         0x00000026        0x0 d:/program files/atmel/atmel toolchain/avr8 gcc/native/3.4.1056/avr8-gnu-toolchain/bin/../lib/gcc/avr/4.8.1/../../../../avr/lib/avr4/crtm8.o
                0x00000026                __init
 *(.init0)
 *(.init1)
 *(.init1)
 *(.init2)
 .init2         0x00000026        0xc d:/program files/atmel/atmel toolchain/avr8 gcc/native/3.4.1056/avr8-gnu-toolchain/bin/../lib/gcc/avr/4.8.1/../../../../avr/lib/avr4/crtm8.o
 *(.init2)
 *(.init3)
 *(.init3)
 *(.init4)
 .init4         0x00000032       0x16 d:/program files/atmel/atmel toolchain/avr8 gcc/native/3.4.1056/avr8-gnu-toolchain/bin/../lib/gcc/avr/4.8.1/avr4\libgcc.a(_copy_data.o)
                0x00000032                __do_copy_data
 .init4         0x00000048       0x10 d:/program files/atmel/atmel toolchain/avr8 gcc/native/3.4.1056/avr8-gnu-toolchain/bin/../lib/gcc/avr/4.8.1/avr4\libgcc.a(_clear_bss.o)
                0x00000048                __do_clear_bss
 *(.init4)
 *(.init5)
 *(.init5)
 *(.init6)
 *(.init6)
 *(.init7)
 *(.init7)
 *(.init8)
 *(.init8)
 *(.init9)
 .init9         0x00000058        0x4 d:/program files/atmel/atmel toolchain/avr8 gcc/native/3.4.1056/avr8-gnu-toolchain/bin/../lib/gcc/avr/4.8.1/../../../../avr/lib/avr4/crtm8.o
 *(.init9)
 *(.text)
 .text          0x0000005c        0x2 d:/program files/atmel/atmel toolchain/avr8 gcc/native/3.4.1056/avr8-gnu-toolchain/bin/../lib/gcc/avr/4.8.1/../../../../avr/lib/avr4/crtm8.o
                0x0000005c                __vector_1
                0x0000005c                __vector_12
                0x0000005c                __bad_interrupt
                0x0000005c                __vector_6
                0x0000005c                __vector_3
                0x0000005c                __vector_11
                0x0000005c                __vector_13
                0x0000005c                __vector_17
                0x0000005c                __vector_7
                0x0000005c                __vector_5
                0x0000005c                __vector_4
                0x0000005c                __vector_2
                0x0000005c                __vector_15
                0x0000005c                __vector_8
                0x0000005c                __vector_14
                0x0000005c                __vector_10
                0x0000005c                __vector_16
                0x0000005c                __vector_18
                0x0000005e                . = ALIGN (0x2)
 *(.text.*)
 .text.hal_key_register_for_task
                0x0000005e        0xe hal_driver/hal_key_driver.o
                0x0000005e                hal_key_register_for_task
 .text.hal_check_key_port
                0x0000006c       0xd8 hal_driver/hal_key_driver.o
                0x0000006c                hal_check_key_port
 .text.hal_led_register_for_task
                0x00000144        0xe hal_driver/hal_led_driver.o
                0x00000144                hal_led_register_for_task
 .text.hal_led_turn_on_off
                0x00000152       0x36 hal_driver/hal_led_driver.o
                0x00000152                hal_led_turn_on_off
 .text.hal_led_blink
                0x00000188       0xf0 hal_driver/hal_led_driver.o
                0x00000188                hal_led_blink
 .text.process_key_event
                0x00000278       0x52 user/user_app.o
                0x00000278                process_key_event
 .text.leds_init
                0x000002ca       0x9e user/user_app.o
                0x000002ca                leds_init
 .text.led_update
                0x00000368      0x140 user/user_app.o
                0x00000368                led_update
 .text.process_led_event
                0x000004a8       0x24 user/user_app.o
                0x000004a8                process_led_event
 .text.keys_init
                0x000004cc       0x34 user/user_app.o
                0x000004cc                keys_init
 .text.uxos_tasks_init
                0x00000500        0x8 user/user_app.o
                0x00000500                uxos_tasks_init
 .text.startup.main
                0x00000508        0xa uxos/main.o
                0x00000508                main
 .text.uxos_set_event
                0x00000512       0x18 uxos/uxos.o
                0x00000512                uxos_set_event
 .text.uxos_init
                0x0000052a        0xc uxos/uxos.o
                0x0000052a                uxos_init
 .text.uxos_start
                0x00000536       0x66 uxos/uxos.o
                0x00000536                uxos_start
 .text.uxos_mem_alloc
                0x0000059c       0x88 uxos/uxos_mem.o
                0x0000059c                uxos_mem_alloc
 .text.uxos_mem_set
                0x00000624       0x12 uxos/uxos_mem.o
                0x00000624                uxos_mem_set
 .text.uxos_mem_init
                0x00000636        0xc uxos/uxos_mem.o
                0x00000636                uxos_mem_init
 .text.uxos_mem_free
                0x00000642       0x10 uxos/uxos_mem.o
                0x00000642                uxos_mem_free
 .text.uxos_add_msg
                0x00000652       0x2a uxos/uxos_msg.o
                0x00000652                uxos_add_msg
 .text.uxos_send_msg
                0x0000067c       0x24 uxos/uxos_msg.o
                0x0000067c                uxos_send_msg
 .text.uxos_search_msg
                0x000006a0       0x1e uxos/uxos_msg.o
                0x000006a0                uxos_search_msg
 .text.uxos_delete_msg
                0x000006be       0x64 uxos/uxos_msg.o
                0x000006be                uxos_delete_msg
 .text.__vector_9
                0x00000722       0x62 uxos/uxos_timer.o
                0x00000722                __vector_9
 .text.uxos_timer_init
                0x00000784       0x18 uxos/uxos_timer.o
                0x00000784                uxos_timer_init
 .text.uxos_clear_overflow
                0x0000079c        0xa uxos/uxos_timer.o
                0x0000079c                uxos_clear_overflow
 .text.uxos_get_overflow
                0x000007a6        0xa uxos/uxos_timer.o
                0x000007a6                uxos_get_overflow
 .text.uxos_get_sysclock
                0x000007b0       0x12 uxos/uxos_timer.o
                0x000007b0                uxos_get_sysclock
 .text.uxos_find_timer
                0x000007c2       0x24 uxos/uxos_timer.o
                0x000007c2                uxos_find_timer
 .text.uxos_add_timer
                0x000007e6       0x72 uxos/uxos_timer.o
                0x000007e6                uxos_add_timer
 .text.uxos_delete_timer
                0x00000858        0xa uxos/uxos_timer.o
                0x00000858                uxos_delete_timer
 .text.uxos_start_timer
                0x00000862       0x12 uxos/uxos_timer.o
                0x00000862                uxos_start_timer
 .text.uxos_start_reload_timer
                0x00000874       0x24 uxos/uxos_timer.o
                0x00000874                uxos_start_reload_timer
 .text.uxos_stop_timer
                0x00000898       0x22 uxos/uxos_timer.o
                0x00000898                uxos_stop_timer
 .text.uxos_timer_update
                0x000008ba       0xd4 uxos/uxos_timer.o
                0x000008ba                uxos_timer_update
 .text.libgcc.div
                0x0000098e       0x28 d:/program files/atmel/atmel toolchain/avr8 gcc/native/3.4.1056/avr8-gnu-toolchain/bin/../lib/gcc/avr/4.8.1/avr4\libgcc.a(_udivmodhi4.o)
                0x0000098e                __udivmodhi4
                0x000009b6                . = ALIGN (0x2)
 *(.fini9)
 .fini9         0x000009b6        0x0 d:/program files/atmel/atmel toolchain/avr8 gcc/native/3.4.1056/avr8-gnu-toolchain/bin/../lib/gcc/avr/4.8.1/avr4\libgcc.a(_exit.o)
                0x000009b6                _exit
                0x000009b6                exit
 *(.fini9)
 *(.fini8)
 *(.fini8)
 *(.fini7)
 *(.fini7)
 *(.fini6)
 *(.fini6)
 *(.fini5)
 *(.fini5)
 *(.fini4)
 *(.fini4)
 *(.fini3)
 *(.fini3)
 *(.fini2)
 *(.fini2)
 *(.fini1)
 *(.fini1)
 *(.fini0)
 .fini0         0x000009b6        0x4 d:/program files/atmel/atmel toolchain/avr8 gcc/native/3.4.1056/avr8-gnu-toolchain/bin/../lib/gcc/avr/4.8.1/avr4\libgcc.a(_exit.o)
 *(.fini0)
                0x000009ba                _etext = .

.data           0x00800060        0x8 load address 0x000009ba
                0x00800060                PROVIDE (__data_start, .)
 *(.data)
 .data          0x00800060        0x0 d:/program files/atmel/atmel toolchain/avr8 gcc/native/3.4.1056/avr8-gnu-toolchain/bin/../lib/gcc/avr/4.8.1/../../../../avr/lib/avr4/crtm8.o
 .data          0x00800060        0x0 hal_driver/hal_key_driver.o
 .data          0x00800060        0x0 hal_driver/hal_led_driver.o
 .data          0x00800060        0x0 user/user_app.o
 .data          0x00800060        0x0 uxos/main.o
 .data          0x00800060        0x0 uxos/uxos.o
 .data          0x00800060        0x0 uxos/uxos_mem.o
 .data          0x00800060        0x0 uxos/uxos_msg.o
 .data          0x00800060        0x0 uxos/uxos_timer.o
 .data          0x00800060        0x0 d:/program files/atmel/atmel toolchain/avr8 gcc/native/3.4.1056/avr8-gnu-toolchain/bin/../lib/gcc/avr/4.8.1/avr4\libgcc.a(_udivmodhi4.o)
 .data          0x00800060        0x0 d:/program files/atmel/atmel toolchain/avr8 gcc/native/3.4.1056/avr8-gnu-toolchain/bin/../lib/gcc/avr/4.8.1/avr4\libgcc.a(_exit.o)
 .data          0x00800060        0x0 d:/program files/atmel/atmel toolchain/avr8 gcc/native/3.4.1056/avr8-gnu-toolchain/bin/../lib/gcc/avr/4.8.1/avr4\libgcc.a(_copy_data.o)
 .data          0x00800060        0x0 d:/program files/atmel/atmel toolchain/avr8 gcc/native/3.4.1056/avr8-gnu-toolchain/bin/../lib/gcc/avr/4.8.1/avr4\libgcc.a(_clear_bss.o)
 *(.data*)
 .data.hal_key_register_id
                0x00800060        0x1 hal_driver/hal_key_driver.o
                0x00800060                hal_key_register_id
 .data.hal_led_register_id
                0x00800061        0x1 hal_driver/hal_led_driver.o
                0x00800061                hal_led_register_id
 .data.tasks_count
                0x00800062        0x1 user/user_app.o
                0x00800062                tasks_count
 .data.task_list
                0x00800063        0x4 user/user_app.o
                0x00800063                task_list
 *(.rodata)
 *(.rodata*)
 *(.gnu.linkonce.d*)
                0x00800068                . = ALIGN (0x2)
 *fill*         0x00800067        0x1 
                0x00800068                _edata = .
                0x00800068                PROVIDE (__data_end, .)

.bss            0x00800068       0x51
                0x00800068                PROVIDE (__bss_start, .)
 *(.bss)
 *(.bss*)
 .bss.process_key_id
                0x00800068        0x1 user/user_app.o
                0x00800068                process_key_id
 .bss.process_led_id
                0x00800069        0x1 user/user_app.o
                0x00800069                process_led_id
 .bss.pmem_head
                0x0080006a        0x2 uxos/uxos_mem.o
                0x0080006a                pmem_head
 .bss.pmsg_head
                0x0080006c        0x2 uxos/uxos_msg.o
                0x0080006c                pmsg_head
 .bss.ugos_system_clock
                0x0080006e        0x4 uxos/uxos_timer.o
                0x0080006e                ugos_system_clock
 .bss.timer_overflow_count
                0x00800072        0x2 uxos/uxos_timer.o
                0x00800072                timer_overflow_count
 .bss.timer0_count
                0x00800074        0x1 uxos/uxos_timer.o
                0x00800074                timer0_count
 .bss.ptimer_head
                0x00800075        0x2 uxos/uxos_timer.o
                0x00800075                ptimer_head
 *(COMMON)
 COMMON         0x00800077        0xc hal_driver/hal_key_driver.o
                0x00800077                key_control
 COMMON         0x00800083       0x34 hal_driver/hal_led_driver.o
                0x00800083                led_control
 COMMON         0x008000b7        0x2 user/user_app.o
                0x008000b7                task_event
                0x008000b9                PROVIDE (__bss_end, .)
                0x000009ba                __data_load_start = LOADADDR (.data)
                0x000009c2                __data_load_end = (__data_load_start + SIZEOF (.data))

.noinit         0x008000b9        0x0
                0x008000b9                PROVIDE (__noinit_start, .)
 *(.noinit*)
                0x008000b9                PROVIDE (__noinit_end, .)
                0x008000b9                _end = .
                0x008000b9                PROVIDE (__heap_start, .)

.eeprom         0x00810000        0x0
 *(.eeprom*)
                0x00810000                __eeprom_end = .

.fuse
 *(.fuse)
 *(.lfuse)
 *(.hfuse)
 *(.efuse)

.lock
 *(.lock*)

.signature
 *(.signature*)

.user_signatures
 *(.user_signatures*)

.stab
 *(.stab)

.stabstr
 *(.stabstr)

.stab.excl
 *(.stab.excl)

.stab.exclstr
 *(.stab.exclstr)

.stab.index
 *(.stab.index)

.stab.indexstr
 *(.stab.indexstr)

.comment        0x00000000       0x30
 *(.comment)
 .comment       0x00000000       0x30 hal_driver/hal_key_driver.o
                                 0x31 (size before relaxing)
 .comment       0x00000000       0x31 hal_driver/hal_led_driver.o
 .comment       0x00000000       0x31 user/user_app.o
 .comment       0x00000000       0x31 uxos/main.o
 .comment       0x00000000       0x31 uxos/uxos.o
 .comment       0x00000000       0x31 uxos/uxos_mem.o
 .comment       0x00000000       0x31 uxos/uxos_msg.o
 .comment       0x00000000       0x31 uxos/uxos_timer.o

.note.gnu.build-id
 *(.note.gnu.build-id)

.debug
 *(.debug)

.line
 *(.line)

.debug_srcinfo
 *(.debug_srcinfo)

.debug_sfnames
 *(.debug_sfnames)

.debug_aranges  0x00000000      0x1e0
 *(.debug_aranges)
 .debug_aranges
                0x00000000       0x28 hal_driver/hal_key_driver.o
 .debug_aranges
                0x00000028       0x30 hal_driver/hal_led_driver.o
 .debug_aranges
                0x00000058       0x48 user/user_app.o
 .debug_aranges
                0x000000a0       0x20 uxos/main.o
 .debug_aranges
                0x000000c0       0x30 uxos/uxos.o
 .debug_aranges
                0x000000f0       0x38 uxos/uxos_mem.o
 .debug_aranges
                0x00000128       0x38 uxos/uxos_msg.o
 .debug_aranges
                0x00000160       0x80 uxos/uxos_timer.o

.debug_pubnames
 *(.debug_pubnames)

.debug_info     0x00000000     0x1a2f
 *(.debug_info .gnu.linkonce.wi.*)
 .debug_info    0x00000000      0x2bc hal_driver/hal_key_driver.o
 .debug_info    0x000002bc      0x2c2 hal_driver/hal_led_driver.o
 .debug_info    0x0000057e      0x713 user/user_app.o
 .debug_info    0x00000c91       0xae uxos/main.o
 .debug_info    0x00000d3f      0x25b uxos/uxos.o
 .debug_info    0x00000f9a      0x1eb uxos/uxos_mem.o
 .debug_info    0x00001185      0x27a uxos/uxos_msg.o
 .debug_info    0x000013ff      0x630 uxos/uxos_timer.o

.debug_abbrev   0x00000000      0xcc0
 *(.debug_abbrev)
 .debug_abbrev  0x00000000      0x1a6 hal_driver/hal_key_driver.o
 .debug_abbrev  0x000001a6      0x1b5 hal_driver/hal_led_driver.o
 .debug_abbrev  0x0000035b      0x241 user/user_app.o
 .debug_abbrev  0x0000059c       0x76 uxos/main.o
 .debug_abbrev  0x00000612      0x167 uxos/uxos.o
 .debug_abbrev  0x00000779       0xfe uxos/uxos_mem.o
 .debug_abbrev  0x00000877      0x171 uxos/uxos_msg.o
 .debug_abbrev  0x000009e8      0x2d8 uxos/uxos_timer.o

.debug_line     0x00000000      0xa08
 *(.debug_line .debug_line.* .debug_line_end)
 .debug_line    0x00000000      0x13e hal_driver/hal_key_driver.o
 .debug_line    0x0000013e      0x131 hal_driver/hal_led_driver.o
 .debug_line    0x0000026f      0x1c4 user/user_app.o
 .debug_line    0x00000433       0x53 uxos/main.o
 .debug_line    0x00000486      0x133 uxos/uxos.o
 .debug_line    0x000005b9       0xfc uxos/uxos_mem.o
 .debug_line    0x000006b5      0x130 uxos/uxos_msg.o
 .debug_line    0x000007e5      0x223 uxos/uxos_timer.o

.debug_frame    0x00000000      0x460
 *(.debug_frame)
 .debug_frame   0x00000000       0x68 hal_driver/hal_key_driver.o
 .debug_frame   0x00000068       0x6c hal_driver/hal_led_driver.o
 .debug_frame   0x000000d4       0xdc user/user_app.o
 .debug_frame   0x000001b0       0x24 uxos/main.o
 .debug_frame   0x000001d4       0x54 uxos/uxos.o
 .debug_frame   0x00000228       0x54 uxos/uxos_mem.o
 .debug_frame   0x0000027c       0x8c uxos/uxos_msg.o
 .debug_frame   0x00000308      0x158 uxos/uxos_timer.o

.debug_str      0x00000000      0x72c
 *(.debug_str)
 .debug_str     0x00000000      0x234 hal_driver/hal_key_driver.o
                                0x274 (size before relaxing)
 .debug_str     0x00000234      0x11a hal_driver/hal_led_driver.o
                                0x286 (size before relaxing)
 .debug_str     0x0000034e      0x111 user/user_app.o
                                0x39e (size before relaxing)
 .debug_str     0x0000045f       0x29 uxos/main.o
                                0x14e (size before relaxing)
 .debug_str     0x00000488       0xa9 uxos/uxos.o
                                0x243 (size before relaxing)
 .debug_str     0x00000531       0x6a uxos/uxos_mem.o
                                0x1b4 (size before relaxing)
 .debug_str     0x0000059b       0x4d uxos/uxos_msg.o
                                0x1fb (size before relaxing)
 .debug_str     0x000005e8      0x144 uxos/uxos_timer.o
                                0x359 (size before relaxing)

.debug_loc      0x00000000     0x12e7
 *(.debug_loc)
 .debug_loc     0x00000000      0x129 hal_driver/hal_key_driver.o
 .debug_loc     0x00000129      0x252 hal_driver/hal_led_driver.o
 .debug_loc     0x0000037b      0x3ab user/user_app.o
 .debug_loc     0x00000726       0xbe uxos/uxos.o
 .debug_loc     0x000007e4      0x23e uxos/uxos_mem.o
 .debug_loc     0x00000a22      0x23d uxos/uxos_msg.o
 .debug_loc     0x00000c5f      0x688 uxos/uxos_timer.o

.debug_macinfo
 *(.debug_macinfo)

.debug_weaknames
 *(.debug_weaknames)

.debug_funcnames
 *(.debug_funcnames)

.debug_typenames
 *(.debug_typenames)

.debug_varnames
 *(.debug_varnames)

.debug_pubtypes
 *(.debug_pubtypes)

.debug_ranges   0x00000000      0x178
 *(.debug_ranges)
 .debug_ranges  0x00000000       0x18 hal_driver/hal_key_driver.o
 .debug_ranges  0x00000018       0x20 hal_driver/hal_led_driver.o
 .debug_ranges  0x00000038       0x50 user/user_app.o
 .debug_ranges  0x00000088       0x10 uxos/main.o
 .debug_ranges  0x00000098       0x20 uxos/uxos.o
 .debug_ranges  0x000000b8       0x28 uxos/uxos_mem.o
 .debug_ranges  0x000000e0       0x28 uxos/uxos_msg.o
 .debug_ranges  0x00000108       0x70 uxos/uxos_timer.o

.debug_macro
 *(.debug_macro)
OUTPUT(uxos.elf elf32-avr)
LOAD linker stubs
